[36mvite v6.4.1 [32mbuilding for production...[36m[39m
transforming...
[32mΓ£ô[39m 13 modules transformed.
node.exe : 
[31mΓ£ù[39m Build 
failed in 554ms
At line:1 char:1
+ & "C:\Program 
Files\nodejs/node.exe" 
"C:\Program 
Files\nodejs/node_mo 
...
+ ~~~~~~~~~~~~~~~~~~~~~
~~~~~~~~~~~~~~~~~~~~~~~
~~~~~~~~~~~~~~~~~~~~~~~
~~
    + CategoryInfo     
         : NotSpecifi  
  ed: ([31mΓ£ù[39m   
  Build failed in 5    
54ms:String) [], R    
emoteException
    + FullyQualifiedEr 
   rorId : NativeComm  
  andError
 
[31merror during 
build:
[31m[vite:esbuild] 
Transform failed with 
1 error:
C:/Users/Subhasree/Desk
top/mednote/src/compone
nts/Onboarding.jsx:18:4
7: ERROR: Expected "}" 
but found "ll"[31m
file: [36mC:/Users/Sub
hasree/Desktop/mednote/
src/components/Onboardi
ng.jsx:18:47[31m
[33m
[33mExpected "}" but 
found "ll"[33m
16 |      emoji: 'ΓÅ░',
17 |      title: 
'Never Miss a Dose',
18 |      desc: 'Set 
reminders for each 
medicine. We'll send 
you a notification 
when it's time to take 
your medicine.',
   |                   
                       
       ^
19 |    },
20 |  ];
[31m
    at 
failureErrorWithLog (C:
\Users\Subhasree\Deskto
p\mednote\node_modules\
esbuild\lib\main.js:146
7:15)
    at C:\Users\Subhasr
ee\Desktop\mednote\node
_modules\esbuild\lib\ma
in.js:736:50
    at responseCallback
s.<computed> (C:\Users\
Subhasree\Desktop\medno
te\node_modules\esbuild
\lib\main.js:603:9)
    at 
handleIncomingPacket (C
:\Users\Subhasree\Deskt
op\mednote\node_modules
\esbuild\lib\main.js:65
8:12)
    at 
Socket.readFromStdout (
C:\Users\Subhasree\Desk
top\mednote\node_module
s\esbuild\lib\main.js:5
81:7)
    at Socket.emit 
(node:events:508:28)
    at addChunk (node:i
nternal/streams/readabl
e:563:12)
    at readableAddChunk
PushByteMode (node:inte
rnal/streams/readable:5
14:3)
    at Readable.push (n
ode:internal/streams/re
adable:394:5)
    at 
Pipe.onStreamRead (node
:internal/stream_base_c
ommons:189:23)[39m
